Component: ARM Compiler 5.06 update 6 (build 750) Tool: armlink [4d35ed]

==============================================================================

Section Cross References

    delay_intr.o(.text) refers to i2s.o(.text) for i2s_rx
    delay_intr.o(.text) refers to audio.o(.text) for audio_init
    delay_intr.o(.text) refers to delay_intr.o(.data) for .data
    delay_intr.o(.text) refers to delay_intr.o(.bss) for .bss
    delay.o(.text) refers to delay.o(.emb_text) for delay_cycles
    i2c.o(.text) refers to delay.o(.text) for delay_ms
    i2s.o(.text) refers to i2s.o(.data) for .data
    audio.o(.text) refers to gpio.o(.text) for gpio_set_mode
    audio.o(.text) refers to delay.o(.text) for delay_ms
    audio.o(.text) refers to i2c.o(.text) for i2c_write
    audio.o(.text) refers to audio.o(.data) for .data
    audio.o(.text) refers to i2s.o(.text) for i2s_init
    audio.o(.text) refers to dma.o(.text) for dma_init
    dma.o(.text) refers to dma.o(.bss) for .bss
    dma.o(.text) refers to dma.o(.data) for .data
    system_mk64f12.o(.text) refers to system_mk64f12.o(.data) for .data
    startup_mk64f12.o(STACK) refers (Special) to heapauxi.o(.text) for __use_two_region_memory
    startup_mk64f12.o(HEAP) refers (Special) to heapauxi.o(.text) for __use_two_region_memory
    startup_mk64f12.o(RESET) refers (Special) to heapauxi.o(.text) for __use_two_region_memory
    startup_mk64f12.o(RESET) refers to startup_mk64f12.o(STACK) for __initial_sp
    startup_mk64f12.o(RESET) refers to startup_mk64f12.o(.text) for Reset_Handler
    startup_mk64f12.o(RESET) refers to dma.o(.text) for DMA0_IRQHandler
    startup_mk64f12.o(RESET) refers to i2s.o(.text) for I2S0_Tx_IRQHandler
    startup_mk64f12.o(.ARM.__at_0x400) refers (Special) to heapauxi.o(.text) for __use_two_region_memory
    startup_mk64f12.o(.text) refers (Special) to heapauxi.o(.text) for __use_two_region_memory
    startup_mk64f12.o(.text) refers to system_mk64f12.o(.text) for SystemInit
    startup_mk64f12.o(.text) refers to __main.o(!!!main) for __main
    startup_mk64f12.o(.text) refers to startup_mk64f12.o(HEAP) for Heap_Mem
    startup_mk64f12.o(.text) refers to startup_mk64f12.o(STACK) for Stack_Mem
    __main.o(!!!main) refers to __rtentry.o(.ARM.Collect$$rtentry$$00000000) for __rt_entry
    __rtentry.o(.ARM.Collect$$rtentry$$00000000) refers (Special) to __rtentry2.o(.ARM.Collect$$rtentry$$0000000A) for __rt_entry_li
    __rtentry.o(.ARM.Collect$$rtentry$$00000000) refers (Special) to __rtentry2.o(.ARM.Collect$$rtentry$$0000000D) for __rt_entry_main
    __rtentry.o(.ARM.Collect$$rtentry$$00000000) refers (Special) to __rtentry2.o(.ARM.Collect$$rtentry$$0000000C) for __rt_entry_postli_1
    __rtentry.o(.ARM.Collect$$rtentry$$00000000) refers (Special) to __rtentry2.o(.ARM.Collect$$rtentry$$00000009) for __rt_entry_postsh_1
    __rtentry.o(.ARM.Collect$$rtentry$$00000000) refers (Special) to __rtentry2.o(.ARM.Collect$$rtentry$$00000002) for __rt_entry_presh_1
    __rtentry.o(.ARM.Collect$$rtentry$$00000000) refers (Special) to __rtentry4.o(.ARM.Collect$$rtentry$$00000004) for __rt_entry_sh
    __rtentry2.o(.ARM.Collect$$rtentry$$00000008) refers to boardinit2.o(.text) for _platform_post_stackheap_init
    __rtentry2.o(.ARM.Collect$$rtentry$$0000000A) refers to libinit.o(.ARM.Collect$$libinit$$00000000) for __rt_lib_init
    __rtentry2.o(.ARM.Collect$$rtentry$$0000000B) refers to boardinit3.o(.text) for _platform_post_lib_init
    __rtentry2.o(.ARM.Collect$$rtentry$$0000000D) refers to delay_intr.o(.text) for main
    __rtentry2.o(.ARM.Collect$$rtentry$$0000000D) refers to exit.o(.text) for exit
    __rtentry2.o(.ARM.exidx) refers to __rtentry2.o(.ARM.Collect$$rtentry$$00000001) for .ARM.Collect$$rtentry$$00000001
    __rtentry2.o(.ARM.exidx) refers to __rtentry2.o(.ARM.Collect$$rtentry$$00000008) for .ARM.Collect$$rtentry$$00000008
    __rtentry2.o(.ARM.exidx) refers to __rtentry2.o(.ARM.Collect$$rtentry$$0000000A) for .ARM.Collect$$rtentry$$0000000A
    __rtentry2.o(.ARM.exidx) refers to __rtentry2.o(.ARM.Collect$$rtentry$$0000000B) for .ARM.Collect$$rtentry$$0000000B
    __rtentry2.o(.ARM.exidx) refers to __rtentry2.o(.ARM.Collect$$rtentry$$0000000D) for .ARM.Collect$$rtentry$$0000000D
    __rtentry4.o(.ARM.Collect$$rtentry$$00000004) refers to sys_stackheap_outer.o(.text) for __user_setup_stackheap
    __rtentry4.o(.ARM.exidx) refers to __rtentry4.o(.ARM.Collect$$rtentry$$00000004) for .ARM.Collect$$rtentry$$00000004
    sys_stackheap_outer.o(.text) refers to libspace.o(.text) for __user_perproc_libspace
    sys_stackheap_outer.o(.text) refers to startup_mk64f12.o(.text) for __user_initial_stackheap
    exit.o(.text) refers to rtexit.o(.ARM.Collect$$rtexit$$00000000) for __rt_exit
    libinit.o(.ARM.Collect$$libinit$$00000000) refers (Special) to libinit2.o(.ARM.Collect$$libinit$$0000002E) for __rt_lib_init_alloca_1
    libinit.o(.ARM.Collect$$libinit$$00000000) refers (Special) to libinit2.o(.ARM.Collect$$libinit$$0000002C) for __rt_lib_init_argv_1
    libinit.o(.ARM.Collect$$libinit$$00000000) refers (Special) to libinit2.o(.ARM.Collect$$libinit$$0000001B) for __rt_lib_init_atexit_1
    libinit.o(.ARM.Collect$$libinit$$00000000) refers (Special) to libinit2.o(.ARM.Collect$$libinit$$00000021) for __rt_lib_init_clock_1
    libinit.o(.ARM.Collect$$libinit$$00000000) refers (Special) to libinit2.o(.ARM.Collect$$libinit$$00000032) for __rt_lib_init_cpp_1
    libinit.o(.ARM.Collect$$libinit$$00000000) refers (Special) to libinit2.o(.ARM.Collect$$libinit$$00000030) for __rt_lib_init_exceptions_1
    libinit.o(.ARM.Collect$$libinit$$00000000) refers (Special) to libinit2.o(.ARM.Collect$$libinit$$00000001) for __rt_lib_init_fp_1
    libinit.o(.ARM.Collect$$libinit$$00000000) refers (Special) to libinit2.o(.ARM.Collect$$libinit$$0000001F) for __rt_lib_init_fp_trap_1
    libinit.o(.ARM.Collect$$libinit$$00000000) refers (Special) to libinit2.o(.ARM.Collect$$libinit$$00000023) for __rt_lib_init_getenv_1
    libinit.o(.ARM.Collect$$libinit$$00000000) refers (Special) to libinit2.o(.ARM.Collect$$libinit$$0000000A) for __rt_lib_init_heap_1
    libinit.o(.ARM.Collect$$libinit$$00000000) refers (Special) to libinit2.o(.ARM.Collect$$libinit$$00000011) for __rt_lib_init_lc_collate_1
    libinit.o(.ARM.Collect$$libinit$$00000000) refers (Special) to libinit2.o(.ARM.Collect$$libinit$$00000013) for __rt_lib_init_lc_ctype_1
    libinit.o(.ARM.Collect$$libinit$$00000000) refers (Special) to libinit2.o(.ARM.Collect$$libinit$$00000015) for __rt_lib_init_lc_monetary_1
    libinit.o(.ARM.Collect$$libinit$$00000000) refers (Special) to libinit2.o(.ARM.Collect$$libinit$$00000017) for __rt_lib_init_lc_numeric_1
    libinit.o(.ARM.Collect$$libinit$$00000000) refers (Special) to libinit2.o(.ARM.Collect$$libinit$$00000019) for __rt_lib_init_lc_time_1
    libinit.o(.ARM.Collect$$libinit$$00000000) refers (Special) to libinit2.o(.ARM.Collect$$libinit$$00000004) for __rt_lib_init_preinit_1
    libinit.o(.ARM.Collect$$libinit$$00000000) refers (Special) to libinit2.o(.ARM.Collect$$libinit$$0000000E) for __rt_lib_init_rand_1
    libinit.o(.ARM.Collect$$libinit$$00000000) refers (Special) to libinit2.o(.ARM.Collect$$libinit$$00000033) for __rt_lib_init_return
    libinit.o(.ARM.Collect$$libinit$$00000000) refers (Special) to libinit2.o(.ARM.Collect$$libinit$$0000001D) for __rt_lib_init_signal_1
    libinit.o(.ARM.Collect$$libinit$$00000000) refers (Special) to libinit2.o(.ARM.Collect$$libinit$$00000025) for __rt_lib_init_stdio_1
    libinit.o(.ARM.Collect$$libinit$$00000000) refers (Special) to libinit2.o(.ARM.Collect$$libinit$$0000000C) for __rt_lib_init_user_alloc_1
    libspace.o(.text) refers to libspace.o(.bss) for __libspace_start
    rtexit.o(.ARM.Collect$$rtexit$$00000000) refers (Special) to rtexit2.o(.ARM.Collect$$rtexit$$00000004) for __rt_exit_exit
    rtexit.o(.ARM.Collect$$rtexit$$00000000) refers (Special) to rtexit2.o(.ARM.Collect$$rtexit$$00000003) for __rt_exit_ls
    rtexit.o(.ARM.Collect$$rtexit$$00000000) refers (Special) to rtexit2.o(.ARM.Collect$$rtexit$$00000002) for __rt_exit_prels_1
    rtexit.o(.ARM.exidx) refers (Special) to rtexit2.o(.ARM.Collect$$rtexit$$00000004) for __rt_exit_exit
    rtexit.o(.ARM.exidx) refers (Special) to rtexit2.o(.ARM.Collect$$rtexit$$00000003) for __rt_exit_ls
    rtexit.o(.ARM.exidx) refers (Special) to rtexit2.o(.ARM.Collect$$rtexit$$00000002) for __rt_exit_prels_1
    rtexit.o(.ARM.exidx) refers to rtexit.o(.ARM.Collect$$rtexit$$00000000) for .ARM.Collect$$rtexit$$00000000
    libinit2.o(.ARM.Collect$$libinit$$00000001) refers to fpinit.o(x$fpl$fpinit) for _fp_init
    libinit2.o(.ARM.Collect$$libinit$$00000010) refers to libinit2.o(.ARM.Collect$$libinit$$0000000F) for .ARM.Collect$$libinit$$0000000F
    libinit2.o(.ARM.Collect$$libinit$$00000012) refers to libinit2.o(.ARM.Collect$$libinit$$0000000F) for .ARM.Collect$$libinit$$0000000F
    libinit2.o(.ARM.Collect$$libinit$$00000014) refers to libinit2.o(.ARM.Collect$$libinit$$0000000F) for .ARM.Collect$$libinit$$0000000F
    libinit2.o(.ARM.Collect$$libinit$$00000016) refers to libinit2.o(.ARM.Collect$$libinit$$0000000F) for .ARM.Collect$$libinit$$0000000F
    libinit2.o(.ARM.Collect$$libinit$$00000018) refers to libinit2.o(.ARM.Collect$$libinit$$0000000F) for .ARM.Collect$$libinit$$0000000F
    libinit2.o(.ARM.Collect$$libinit$$00000026) refers to argv_veneer.o(.emb_text) for __ARM_argv_veneer
    libinit2.o(.ARM.Collect$$libinit$$00000027) refers to argv_veneer.o(.emb_text) for __ARM_argv_veneer
    rtexit2.o(.ARM.Collect$$rtexit$$00000003) refers to libshutdown.o(.ARM.Collect$$libshutdown$$00000000) for __rt_lib_shutdown
    rtexit2.o(.ARM.Collect$$rtexit$$00000004) refers to sys_exit.o(.text) for _sys_exit
    rtexit2.o(.ARM.exidx) refers to rtexit2.o(.ARM.Collect$$rtexit$$00000001) for .ARM.Collect$$rtexit$$00000001
    rtexit2.o(.ARM.exidx) refers to rtexit2.o(.ARM.Collect$$rtexit$$00000003) for .ARM.Collect$$rtexit$$00000003
    rtexit2.o(.ARM.exidx) refers to rtexit2.o(.ARM.Collect$$rtexit$$00000004) for .ARM.Collect$$rtexit$$00000004
    argv_veneer.o(.emb_text) refers to no_argv.o(.text) for __ARM_get_argv
    sys_exit.o(.text) refers (Special) to use_no_semi.o(.text) for __I$use$semihosting
    sys_exit.o(.text) refers (Special) to indicate_semi.o(.text) for __semihosting_library_function
    _get_argv_nomalloc.o(.text) refers (Special) to hrguard.o(.text) for __heap_region$guard
    _get_argv_nomalloc.o(.text) refers to defsig_rtmem_outer.o(.text) for __rt_SIGRTMEM
    _get_argv_nomalloc.o(.text) refers to sys_command.o(.text) for _sys_command_string
    libshutdown.o(.ARM.Collect$$libshutdown$$00000000) refers (Special) to libshutdown2.o(.ARM.Collect$$libshutdown$$00000002) for __rt_lib_shutdown_cpp_1
    libshutdown.o(.ARM.Collect$$libshutdown$$00000000) refers (Special) to libshutdown2.o(.ARM.Collect$$libshutdown$$00000007) for __rt_lib_shutdown_fp_trap_1
    libshutdown.o(.ARM.Collect$$libshutdown$$00000000) refers (Special) to libshutdown2.o(.ARM.Collect$$libshutdown$$0000000F) for __rt_lib_shutdown_heap_1
    libshutdown.o(.ARM.Collect$$libshutdown$$00000000) refers (Special) to libshutdown2.o(.ARM.Collect$$libshutdown$$00000010) for __rt_lib_shutdown_return
    libshutdown.o(.ARM.Collect$$libshutdown$$00000000) refers (Special) to libshutdown2.o(.ARM.Collect$$libshutdown$$0000000A) for __rt_lib_shutdown_signal_1
    libshutdown.o(.ARM.Collect$$libshutdown$$00000000) refers (Special) to libshutdown2.o(.ARM.Collect$$libshutdown$$00000004) for __rt_lib_shutdown_stdio_1
    libshutdown.o(.ARM.Collect$$libshutdown$$00000000) refers (Special) to libshutdown2.o(.ARM.Collect$$libshutdown$$0000000C) for __rt_lib_shutdown_user_alloc_1
    sys_command.o(.text) refers (Special) to use_no_semi.o(.text) for __I$use$semihosting
    sys_command.o(.text) refers (Special) to indicate_semi.o(.text) for __semihosting_library_function
    defsig_rtmem_outer.o(.text) refers to defsig_rtmem_inner.o(.text) for __rt_SIGRTMEM_inner
    defsig_rtmem_outer.o(.text) refers to defsig_exit.o(.text) for __sig_exit
    defsig_rtmem_formal.o(.text) refers to rt_raise.o(.text) for __rt_raise
    rt_raise.o(.text) refers to __raise.o(.text) for __raise
    rt_raise.o(.text) refers to sys_exit.o(.text) for _sys_exit
    defsig_exit.o(.text) refers to sys_exit.o(.text) for _sys_exit
    defsig_rtmem_inner.o(.text) refers to defsig_general.o(.text) for __default_signal_display
    __raise.o(.text) refers to defsig.o(CL$$defsig) for __default_signal_handler
    defsig_general.o(.text) refers to sys_wrch.o(.text) for _ttywrch
    sys_wrch.o(.text) refers (Special) to use_no_semi.o(.text) for __I$use$semihosting
    sys_wrch.o(.text) refers (Special) to indicate_semi.o(.text) for __semihosting_library_function
    defsig.o(CL$$defsig) refers to defsig_rtmem_inner.o(.text) for __rt_SIGRTMEM_inner
    defsig_abrt_inner.o(.text) refers to defsig_general.o(.text) for __default_signal_display
    defsig_fpe_inner.o(.text) refers to defsig_general.o(.text) for __default_signal_display
    defsig_rtred_inner.o(.text) refers to defsig_general.o(.text) for __default_signal_display
    defsig_stak_inner.o(.text) refers to defsig_general.o(.text) for __default_signal_display
    defsig_pvfn_inner.o(.text) refers to defsig_general.o(.text) for __default_signal_display
    defsig_cppl_inner.o(.text) refers to defsig_general.o(.text) for __default_signal_display
    defsig_segv_inner.o(.text) refers to defsig_general.o(.text) for __default_signal_display
    defsig_other.o(.text) refers to defsig_general.o(.text) for __default_signal_display


==============================================================================

Removing Unused input sections from the image.

    Removing delay_intr.o(.rev16_text), (4 bytes).
    Removing delay_intr.o(.revsh_text), (4 bytes).
    Removing delay_intr.o(.rrx_text), (6 bytes).
    Removing delay.o(.rev16_text), (4 bytes).
    Removing delay.o(.revsh_text), (4 bytes).
    Removing delay.o(.rrx_text), (6 bytes).
    Removing gpio.o(.rev16_text), (4 bytes).
    Removing gpio.o(.revsh_text), (4 bytes).
    Removing gpio.o(.rrx_text), (6 bytes).
    Removing i2c.o(.rev16_text), (4 bytes).
    Removing i2c.o(.revsh_text), (4 bytes).
    Removing i2c.o(.rrx_text), (6 bytes).
    Removing i2s.o(.rev16_text), (4 bytes).
    Removing i2s.o(.revsh_text), (4 bytes).
    Removing i2s.o(.rrx_text), (6 bytes).
    Removing audio.o(.rev16_text), (4 bytes).
    Removing audio.o(.revsh_text), (4 bytes).
    Removing audio.o(.rrx_text), (6 bytes).
    Removing dma.o(.rev16_text), (4 bytes).
    Removing dma.o(.revsh_text), (4 bytes).
    Removing dma.o(.rrx_text), (6 bytes).
    Removing system_mk64f12.o(.rev16_text), (4 bytes).
    Removing system_mk64f12.o(.revsh_text), (4 bytes).
    Removing system_mk64f12.o(.rrx_text), (6 bytes).

24 unused section(s) (total 112 bytes) removed from the image.

==============================================================================

Image Symbol Table

    Local Symbols

    Symbol Name                              Value     Ov Type        Size  Object(Section)

    RESET                                    0x00000000   Section     1024  startup_mk64f12.o(RESET)
    ../clib/angel/boardlib.s                 0x00000000   Number         0  boardinit3.o ABSOLUTE
    ../clib/angel/boardlib.s                 0x00000000   Number         0  boardinit1.o ABSOLUTE
    ../clib/angel/boardlib.s                 0x00000000   Number         0  boardinit2.o ABSOLUTE
    ../clib/angel/boardlib.s                 0x00000000   Number         0  boardshut.o ABSOLUTE
    ../clib/angel/handlers.s                 0x00000000   Number         0  __scatter_zi.o ABSOLUTE
    ../clib/angel/handlers.s                 0x00000000   Number         0  __scatter_copy.o ABSOLUTE
    ../clib/angel/kernel.s                   0x00000000   Number         0  rtexit.o ABSOLUTE
    ../clib/angel/kernel.s                   0x00000000   Number         0  __rtentry.o ABSOLUTE
    ../clib/angel/kernel.s                   0x00000000   Number         0  rtexit2.o ABSOLUTE
    ../clib/angel/kernel.s                   0x00000000   Number         0  __rtentry2.o ABSOLUTE
    ../clib/angel/kernel.s                   0x00000000   Number         0  __rtentry4.o ABSOLUTE
    ../clib/angel/rt.s                       0x00000000   Number         0  rt_raise.o ABSOLUTE
    ../clib/angel/scatter.s                  0x00000000   Number         0  __scatter.o ABSOLUTE
    ../clib/angel/startup.s                  0x00000000   Number         0  __main.o ABSOLUTE
    ../clib/angel/sys.s                      0x00000000   Number         0  sys_stackheap_outer.o ABSOLUTE
    ../clib/angel/sys.s                      0x00000000   Number         0  use_no_semi.o ABSOLUTE
    ../clib/angel/sys.s                      0x00000000   Number         0  libspace.o ABSOLUTE
    ../clib/angel/sys.s                      0x00000000   Number         0  indicate_semi.o ABSOLUTE
    ../clib/angel/sysapp.c                   0x00000000   Number         0  sys_command.o ABSOLUTE
    ../clib/angel/sysapp.c                   0x00000000   Number         0  sys_wrch.o ABSOLUTE
    ../clib/angel/sysapp.c                   0x00000000   Number         0  sys_exit.o ABSOLUTE
    ../clib/armsys.c                         0x00000000   Number         0  no_argv.o ABSOLUTE
    ../clib/armsys.c                         0x00000000   Number         0  argv_veneer.o ABSOLUTE
    ../clib/armsys.c                         0x00000000   Number         0  argv_veneer.o ABSOLUTE
    ../clib/armsys.c                         0x00000000   Number         0  _get_argv_nomalloc.o ABSOLUTE
    ../clib/heapalloc.c                      0x00000000   Number         0  hrguard.o ABSOLUTE
    ../clib/heapaux.c                        0x00000000   Number         0  heapauxi.o ABSOLUTE
    ../clib/libinit.s                        0x00000000   Number         0  libshutdown.o ABSOLUTE
    ../clib/libinit.s                        0x00000000   Number         0  libinit.o ABSOLUTE
    ../clib/libinit.s                        0x00000000   Number         0  libinit2.o ABSOLUTE
    ../clib/libinit.s                        0x00000000   Number         0  libshutdown2.o ABSOLUTE
    ../clib/signal.c                         0x00000000   Number         0  defsig_stak_inner.o ABSOLUTE
    ../clib/signal.c                         0x00000000   Number         0  defsig_rtred_inner.o ABSOLUTE
    ../clib/signal.c                         0x00000000   Number         0  defsig_fpe_inner.o ABSOLUTE
    ../clib/signal.c                         0x00000000   Number         0  defsig_abrt_inner.o ABSOLUTE
    ../clib/signal.c                         0x00000000   Number         0  defsig_general.o ABSOLUTE
    ../clib/signal.c                         0x00000000   Number         0  __raise.o ABSOLUTE
    ../clib/signal.c                         0x00000000   Number         0  defsig_rtmem_inner.o ABSOLUTE
    ../clib/signal.c                         0x00000000   Number         0  defsig_rtmem_formal.o ABSOLUTE
    ../clib/signal.c                         0x00000000   Number         0  defsig_rtmem_outer.o ABSOLUTE
    ../clib/signal.c                         0x00000000   Number         0  defsig_exit.o ABSOLUTE
    ../clib/signal.c                         0x00000000   Number         0  defsig_other.o ABSOLUTE
    ../clib/signal.c                         0x00000000   Number         0  defsig_segv_inner.o ABSOLUTE
    ../clib/signal.c                         0x00000000   Number         0  defsig_cppl_inner.o ABSOLUTE
    ../clib/signal.c                         0x00000000   Number         0  defsig_pvfn_inner.o ABSOLUTE
    ../clib/signal.s                         0x00000000   Number         0  defsig.o ABSOLUTE
    ../clib/stdlib.c                         0x00000000   Number         0  exit.o ABSOLUTE
    ../fplib/fpinit.s                        0x00000000   Number         0  fpinit.o ABSOLUTE
    RTE\Device\MK64FN1M0xxx12\startup_MK64F12.s 0x00000000   Number         0  startup_mk64f12.o ABSOLUTE
    RTE\Device\MK64FN1M0xxx12\system_MK64F12.c 0x00000000   Number         0  system_mk64f12.o ABSOLUTE
    RTE\\Device\\MK64FN1M0xxx12\\system_MK64F12.c 0x00000000   Number         0  system_mk64f12.o ABSOLUTE
    dc.s                                     0x00000000   Number         0  dc.o ABSOLUTE
    delay_intr.c                             0x00000000   Number         0  delay_intr.o ABSOLUTE
    delay_intr.c                             0x00000000   Number         0  delay_intr.o ABSOLUTE
    drivers\\audio.c                         0x00000000   Number         0  audio.o ABSOLUTE
    drivers\\delay.c                         0x00000000   Number         0  delay.o ABSOLUTE
    drivers\\dma.c                           0x00000000   Number         0  dma.o ABSOLUTE
    drivers\\gpio.c                          0x00000000   Number         0  gpio.o ABSOLUTE
    drivers\\i2c.c                           0x00000000   Number         0  i2c.o ABSOLUTE
    drivers\\i2s.c                           0x00000000   Number         0  i2s.o ABSOLUTE
    drivers\audio.c                          0x00000000   Number         0  audio.o ABSOLUTE
    drivers\delay.c                          0x00000000   Number         0  delay.o ABSOLUTE
    drivers\dma.c                            0x00000000   Number         0  dma.o ABSOLUTE
    drivers\gpio.c                           0x00000000   Number         0  gpio.o ABSOLUTE
    drivers\i2c.c                            0x00000000   Number         0  i2c.o ABSOLUTE
    drivers\i2s.c                            0x00000000   Number         0  i2s.o ABSOLUTE
    .ARM.__at_0x400                          0x00000400   Section       16  startup_mk64f12.o(.ARM.__at_0x400)
    !!!main                                  0x00000410   Section        8  __main.o(!!!main)
    !!!scatter                               0x00000418   Section       52  __scatter.o(!!!scatter)
    !!handler_copy                           0x0000044c   Section       26  __scatter_copy.o(!!handler_copy)
    !!handler_zi                             0x00000468   Section       28  __scatter_zi.o(!!handler_zi)
    .ARM.Collect$$libinit$$00000000          0x00000484   Section        2  libinit.o(.ARM.Collect$$libinit$$00000000)
    .ARM.Collect$$libinit$$00000001          0x00000486   Section        4  libinit2.o(.ARM.Collect$$libinit$$00000001)
    .ARM.Collect$$libinit$$00000004          0x0000048a   Section        0  libinit2.o(.ARM.Collect$$libinit$$00000004)
    .ARM.Collect$$libinit$$0000000A          0x0000048a   Section        0  libinit2.o(.ARM.Collect$$libinit$$0000000A)
    .ARM.Collect$$libinit$$0000000C          0x0000048a   Section        0  libinit2.o(.ARM.Collect$$libinit$$0000000C)
    .ARM.Collect$$libinit$$0000000E          0x0000048a   Section        0  libinit2.o(.ARM.Collect$$libinit$$0000000E)
    .ARM.Collect$$libinit$$00000011          0x0000048a   Section        0  libinit2.o(.ARM.Collect$$libinit$$00000011)
    .ARM.Collect$$libinit$$00000013          0x0000048a   Section        0  libinit2.o(.ARM.Collect$$libinit$$00000013)
    .ARM.Collect$$libinit$$00000015          0x0000048a   Section        0  libinit2.o(.ARM.Collect$$libinit$$00000015)
    .ARM.Collect$$libinit$$00000017          0x0000048a   Section        0  libinit2.o(.ARM.Collect$$libinit$$00000017)
    .ARM.Collect$$libinit$$00000019          0x0000048a   Section        0  libinit2.o(.ARM.Collect$$libinit$$00000019)
    .ARM.Collect$$libinit$$0000001B          0x0000048a   Section        0  libinit2.o(.ARM.Collect$$libinit$$0000001B)
    .ARM.Collect$$libinit$$0000001D          0x0000048a   Section        0  libinit2.o(.ARM.Collect$$libinit$$0000001D)
    .ARM.Collect$$libinit$$0000001F          0x0000048a   Section        0  libinit2.o(.ARM.Collect$$libinit$$0000001F)
    .ARM.Collect$$libinit$$00000021          0x0000048a   Section        0  libinit2.o(.ARM.Collect$$libinit$$00000021)
    .ARM.Collect$$libinit$$00000023          0x0000048a   Section        0  libinit2.o(.ARM.Collect$$libinit$$00000023)
    .ARM.Collect$$libinit$$00000025          0x0000048a   Section        0  libinit2.o(.ARM.Collect$$libinit$$00000025)
    .ARM.Collect$$libinit$$0000002C          0x0000048a   Section        0  libinit2.o(.ARM.Collect$$libinit$$0000002C)
    .ARM.Collect$$libinit$$0000002E          0x0000048a   Section        0  libinit2.o(.ARM.Collect$$libinit$$0000002E)
    .ARM.Collect$$libinit$$00000030          0x0000048a   Section        0  libinit2.o(.ARM.Collect$$libinit$$00000030)
    .ARM.Collect$$libinit$$00000032          0x0000048a   Section        0  libinit2.o(.ARM.Collect$$libinit$$00000032)
    .ARM.Collect$$libinit$$00000033          0x0000048a   Section        2  libinit2.o(.ARM.Collect$$libinit$$00000033)
    .ARM.Collect$$libshutdown$$00000000      0x0000048c   Section        2  libshutdown.o(.ARM.Collect$$libshutdown$$00000000)
    .ARM.Collect$$libshutdown$$00000002      0x0000048e   Section        0  libshutdown2.o(.ARM.Collect$$libshutdown$$00000002)
    .ARM.Collect$$libshutdown$$00000004      0x0000048e   Section        0  libshutdown2.o(.ARM.Collect$$libshutdown$$00000004)
    .ARM.Collect$$libshutdown$$00000007      0x0000048e   Section        0  libshutdown2.o(.ARM.Collect$$libshutdown$$00000007)
    .ARM.Collect$$libshutdown$$0000000A      0x0000048e   Section        0  libshutdown2.o(.ARM.Collect$$libshutdown$$0000000A)
    .ARM.Collect$$libshutdown$$0000000C      0x0000048e   Section        0  libshutdown2.o(.ARM.Collect$$libshutdown$$0000000C)
    .ARM.Collect$$libshutdown$$0000000F      0x0000048e   Section        0  libshutdown2.o(.ARM.Collect$$libshutdown$$0000000F)
    .ARM.Collect$$libshutdown$$00000010      0x0000048e   Section        2  libshutdown2.o(.ARM.Collect$$libshutdown$$00000010)
    .ARM.Collect$$rtentry$$00000000          0x00000490   Section        0  __rtentry.o(.ARM.Collect$$rtentry$$00000000)
    .ARM.Collect$$rtentry$$00000002          0x00000490   Section        0  __rtentry2.o(.ARM.Collect$$rtentry$$00000002)
    .ARM.Collect$$rtentry$$00000004          0x00000490   Section        6  __rtentry4.o(.ARM.Collect$$rtentry$$00000004)
    .ARM.Collect$$rtentry$$00000009          0x00000496   Section        0  __rtentry2.o(.ARM.Collect$$rtentry$$00000009)
    .ARM.Collect$$rtentry$$0000000A          0x00000496   Section        4  __rtentry2.o(.ARM.Collect$$rtentry$$0000000A)
    .ARM.Collect$$rtentry$$0000000C          0x0000049a   Section        0  __rtentry2.o(.ARM.Collect$$rtentry$$0000000C)
    .ARM.Collect$$rtentry$$0000000D          0x0000049a   Section        8  __rtentry2.o(.ARM.Collect$$rtentry$$0000000D)
    .ARM.Collect$$rtexit$$00000000           0x000004a2   Section        2  rtexit.o(.ARM.Collect$$rtexit$$00000000)
    .ARM.Collect$$rtexit$$00000002           0x000004a4   Section        0  rtexit2.o(.ARM.Collect$$rtexit$$00000002)
    .ARM.Collect$$rtexit$$00000003           0x000004a4   Section        4  rtexit2.o(.ARM.Collect$$rtexit$$00000003)
    .ARM.Collect$$rtexit$$00000004           0x000004a8   Section        6  rtexit2.o(.ARM.Collect$$rtexit$$00000004)
    .emb_text                                0x000004b0   Section       12  delay.o(.emb_text)
    $v0                                      0x000004b0   Number         0  delay.o(.emb_text)
    .text                                    0x000004bc   Section        0  delay_intr.o(.text)
    .text                                    0x00000520   Section        0  delay.o(.text)
    .text                                    0x00000574   Section        0  gpio.o(.text)
    .text                                    0x00000688   Section        0  i2c.o(.text)
    .text                                    0x0000077c   Section        0  i2s.o(.text)
    .text                                    0x000009c0   Section        0  audio.o(.text)
    .text                                    0x00000eb0   Section        0  dma.o(.text)
    NVIC_EnableIRQ                           0x00001027   Thumb Code    22  dma.o(.text)
    .text                                    0x00001060   Section        0  system_mk64f12.o(.text)
    .text                                    0x000012b0   Section       60  startup_mk64f12.o(.text)
    $v0                                      0x000012b0   Number         0  startup_mk64f12.o(.text)
    .text                                    0x000012ec   Section        0  heapauxi.o(.text)
    .text                                    0x000012f2   Section       74  sys_stackheap_outer.o(.text)
    .text                                    0x0000133c   Section        0  exit.o(.text)
    .text                                    0x00001350   Section        8  libspace.o(.text)
    .text                                    0x00001358   Section        0  sys_exit.o(.text)
    .text                                    0x00001364   Section        2  use_no_semi.o(.text)
    .text                                    0x00001366   Section        0  indicate_semi.o(.text)
    x$fpl$fpinit                             0x00001366   Section       10  fpinit.o(x$fpl$fpinit)
    $v0                                      0x00001366   Number         0  fpinit.o(x$fpl$fpinit)
    .data                                    0x20000000   Section       16  delay_intr.o(.data)
    audio_IN                                 0x20000008   Data           4  delay_intr.o(.data)
    audio_OUT                                0x2000000c   Data           4  delay_intr.o(.data)
    .data                                    0x20000010   Section        4  i2s.o(.data)
    i2s_callback                             0x20000010   Data           4  i2s.o(.data)
    .data                                    0x20000014   Section        8  audio.o(.data)
    .data                                    0x2000001c   Section        4  dma.o(.data)
    dma_callback                             0x2000001c   Data           4  dma.o(.data)
    .data                                    0x20000020   Section        4  system_mk64f12.o(.data)
    .bss                                     0x20000024   Section    32000  delay_intr.o(.bss)
    .bss                                     0x20007d24   Section     1024  dma.o(.bss)
    dma_tx_buffer_ping                       0x20007d24   Data         512  dma.o(.bss)
    dma_rx_buffer_ping                       0x20007f24   Data         512  dma.o(.bss)
    .bss                                     0x20008124   Section       96  libspace.o(.bss)
    HEAP                                     0x20008188   Section        0  startup_mk64f12.o(HEAP)
    STACK                                    0x20008188   Section     1024  startup_mk64f12.o(STACK)
    Heap_Mem                                 0x20008188   Data           0  startup_mk64f12.o(HEAP)
    Stack_Mem                                0x20008188   Data        1024  startup_mk64f12.o(STACK)
    __initial_sp                             0x20008588   Data           0  startup_mk64f12.o(STACK)

    Global Symbols

    Symbol Name                              Value     Ov Type        Size  Object(Section)

    BuildAttributes$$THM_ISAv4$E$P$D$K$B$S$7EM$VFPi3$EXTD16$VFPS$VFMA$PE$A:L22UL41UL21$X:L11$S22US41US21$IEEE1$IW$USESV6$~STKCKD$USESV7$~SHL$OSPACE$ROPI$EBA8$UX$STANDARDLIB$REQ8$PRES8$EABIv2 0x00000000   Number         0  anon$$obj.o ABSOLUTE
    __ARM_use_no_argv                        0x00000000   Number         0  delay_intr.o ABSOLUTE
    __Vectors                                0x00000000   Data           4  startup_mk64f12.o(RESET)
    __ARM_exceptions_init                     - Undefined Weak Reference
    __alloca_initialize                       - Undefined Weak Reference
    __arm_preinit_                            - Undefined Weak Reference
    __cpp_initialize__aeabi_                  - Undefined Weak Reference
    __cxa_finalize                            - Undefined Weak Reference
    __rt_locale                               - Undefined Weak Reference
    __sigvec_lookup                           - Undefined Weak Reference
    _atexit_init                              - Undefined Weak Reference
    _call_atexit_fns                          - Undefined Weak Reference
    _clock_init                               - Undefined Weak Reference
    _fp_trap_init                             - Undefined Weak Reference
    _fp_trap_shutdown                         - Undefined Weak Reference
    _get_lc_collate                           - Undefined Weak Reference
    _get_lc_ctype                             - Undefined Weak Reference
    _get_lc_monetary                          - Undefined Weak Reference
    _get_lc_numeric                           - Undefined Weak Reference
    _get_lc_time                              - Undefined Weak Reference
    _getenv_init                              - Undefined Weak Reference
    _handle_redirection                       - Undefined Weak Reference
    _init_alloc                               - Undefined Weak Reference
    _init_user_alloc                          - Undefined Weak Reference
    _initio                                   - Undefined Weak Reference
    _rand_init                                - Undefined Weak Reference
    _signal_finish                            - Undefined Weak Reference
    _signal_init                              - Undefined Weak Reference
    _terminate_alloc                          - Undefined Weak Reference
    _terminate_user_alloc                     - Undefined Weak Reference
    _terminateio                              - Undefined Weak Reference
    __Vectors_End                            0x00000400   Data           0  startup_mk64f12.o(RESET)
    __Vectors_Size                           0x00000400   Number         0  startup_mk64f12.o ABSOLUTE
    __main                                   0x00000411   Thumb Code     8  __main.o(!!!main)
    __scatterload                            0x00000419   Thumb Code     0  __scatter.o(!!!scatter)
    __scatterload_rt2                        0x00000419   Thumb Code    44  __scatter.o(!!!scatter)
    __scatterload_rt2_thumb_only             0x00000419   Thumb Code     0  __scatter.o(!!!scatter)
    __scatterload_null                       0x00000427   Thumb Code     0  __scatter.o(!!!scatter)
    __scatterload_copy                       0x0000044d   Thumb Code    26  __scatter_copy.o(!!handler_copy)
    __scatterload_zeroinit                   0x00000469   Thumb Code    28  __scatter_zi.o(!!handler_zi)
    __rt_lib_init                            0x00000485   Thumb Code     0  libinit.o(.ARM.Collect$$libinit$$00000000)
    __rt_lib_init_fp_1                       0x00000487   Thumb Code     0  libinit2.o(.ARM.Collect$$libinit$$00000001)
    __rt_lib_init_alloca_1                   0x0000048b   Thumb Code     0  libinit2.o(.ARM.Collect$$libinit$$0000002E)
    __rt_lib_init_argv_1                     0x0000048b   Thumb Code     0  libinit2.o(.ARM.Collect$$libinit$$0000002C)
    __rt_lib_init_atexit_1                   0x0000048b   Thumb Code     0  libinit2.o(.ARM.Collect$$libinit$$0000001B)
    __rt_lib_init_clock_1                    0x0000048b   Thumb Code     0  libinit2.o(.ARM.Collect$$libinit$$00000021)
    __rt_lib_init_cpp_1                      0x0000048b   Thumb Code     0  libinit2.o(.ARM.Collect$$libinit$$00000032)
    __rt_lib_init_exceptions_1               0x0000048b   Thumb Code     0  libinit2.o(.ARM.Collect$$libinit$$00000030)
    __rt_lib_init_fp_trap_1                  0x0000048b   Thumb Code     0  libinit2.o(.ARM.Collect$$libinit$$0000001F)
    __rt_lib_init_getenv_1                   0x0000048b   Thumb Code     0  libinit2.o(.ARM.Collect$$libinit$$00000023)
    __rt_lib_init_heap_1                     0x0000048b   Thumb Code     0  libinit2.o(.ARM.Collect$$libinit$$0000000A)
    __rt_lib_init_lc_collate_1               0x0000048b   Thumb Code     0  libinit2.o(.ARM.Collect$$libinit$$00000011)
    __rt_lib_init_lc_ctype_1                 0x0000048b   Thumb Code     0  libinit2.o(.ARM.Collect$$libinit$$00000013)
    __rt_lib_init_lc_monetary_1              0x0000048b   Thumb Code     0  libinit2.o(.ARM.Collect$$libinit$$00000015)
    __rt_lib_init_lc_numeric_1               0x0000048b   Thumb Code     0  libinit2.o(.ARM.Collect$$libinit$$00000017)
    __rt_lib_init_lc_time_1                  0x0000048b   Thumb Code     0  libinit2.o(.ARM.Collect$$libinit$$00000019)
    __rt_lib_init_preinit_1                  0x0000048b   Thumb Code     0  libinit2.o(.ARM.Collect$$libinit$$00000004)
    __rt_lib_init_rand_1                     0x0000048b   Thumb Code     0  libinit2.o(.ARM.Collect$$libinit$$0000000E)
    __rt_lib_init_return                     0x0000048b   Thumb Code     0  libinit2.o(.ARM.Collect$$libinit$$00000033)
    __rt_lib_init_signal_1                   0x0000048b   Thumb Code     0  libinit2.o(.ARM.Collect$$libinit$$0000001D)
    __rt_lib_init_stdio_1                    0x0000048b   Thumb Code     0  libinit2.o(.ARM.Collect$$libinit$$00000025)
    __rt_lib_init_user_alloc_1               0x0000048b   Thumb Code     0  libinit2.o(.ARM.Collect$$libinit$$0000000C)
    __rt_lib_shutdown                        0x0000048d   Thumb Code     0  libshutdown.o(.ARM.Collect$$libshutdown$$00000000)
    __rt_lib_shutdown_cpp_1                  0x0000048f   Thumb Code     0  libshutdown2.o(.ARM.Collect$$libshutdown$$00000002)
    __rt_lib_shutdown_fp_trap_1              0x0000048f   Thumb Code     0  libshutdown2.o(.ARM.Collect$$libshutdown$$00000007)
    __rt_lib_shutdown_heap_1                 0x0000048f   Thumb Code     0  libshutdown2.o(.ARM.Collect$$libshutdown$$0000000F)
    __rt_lib_shutdown_return                 0x0000048f   Thumb Code     0  libshutdown2.o(.ARM.Collect$$libshutdown$$00000010)
    __rt_lib_shutdown_signal_1               0x0000048f   Thumb Code     0  libshutdown2.o(.ARM.Collect$$libshutdown$$0000000A)
    __rt_lib_shutdown_stdio_1                0x0000048f   Thumb Code     0  libshutdown2.o(.ARM.Collect$$libshutdown$$00000004)
    __rt_lib_shutdown_user_alloc_1           0x0000048f   Thumb Code     0  libshutdown2.o(.ARM.Collect$$libshutdown$$0000000C)
    __rt_entry                               0x00000491   Thumb Code     0  __rtentry.o(.ARM.Collect$$rtentry$$00000000)
    __rt_entry_presh_1                       0x00000491   Thumb Code     0  __rtentry2.o(.ARM.Collect$$rtentry$$00000002)
    __rt_entry_sh                            0x00000491   Thumb Code     0  __rtentry4.o(.ARM.Collect$$rtentry$$00000004)
    __rt_entry_li                            0x00000497   Thumb Code     0  __rtentry2.o(.ARM.Collect$$rtentry$$0000000A)
    __rt_entry_postsh_1                      0x00000497   Thumb Code     0  __rtentry2.o(.ARM.Collect$$rtentry$$00000009)
    __rt_entry_main                          0x0000049b   Thumb Code     0  __rtentry2.o(.ARM.Collect$$rtentry$$0000000D)
    __rt_entry_postli_1                      0x0000049b   Thumb Code     0  __rtentry2.o(.ARM.Collect$$rtentry$$0000000C)
    __rt_exit                                0x000004a3   Thumb Code     0  rtexit.o(.ARM.Collect$$rtexit$$00000000)
    __rt_exit_ls                             0x000004a5   Thumb Code     0  rtexit2.o(.ARM.Collect$$rtexit$$00000003)
    __rt_exit_prels_1                        0x000004a5   Thumb Code     0  rtexit2.o(.ARM.Collect$$rtexit$$00000002)
    __rt_exit_exit                           0x000004a9   Thumb Code     0  rtexit2.o(.ARM.Collect$$rtexit$$00000004)
    delay_cycles                             0x000004b1   Thumb Code    12  delay.o(.emb_text)
    I2S_HANDLER                              0x000004bd   Thumb Code    76  delay_intr.o(.text)
    main                                     0x00000509   Thumb Code    16  delay_intr.o(.text)
    delay_ms                                 0x00000521   Thumb Code    36  delay.o(.text)
    delay_us                                 0x00000545   Thumb Code    36  delay.o(.text)
    gpio_toggle                              0x00000575   Thumb Code    20  gpio.o(.text)
    gpio_set                                 0x00000589   Thumb Code    32  gpio.o(.text)
    gpio_get                                 0x000005a9   Thumb Code    18  gpio.o(.text)
    gpio_set_range                           0x000005bb   Thumb Code    32  gpio.o(.text)
    gpio_get_range                           0x000005db   Thumb Code    24  gpio.o(.text)
    gpio_set_mode                            0x000005f3   Thumb Code   120  gpio.o(.text)
    gpio_set_trigger                         0x0000066b   Thumb Code     2  gpio.o(.text)
    gpio_set_callback                        0x0000066d   Thumb Code     2  gpio.o(.text)
    port_isr                                 0x0000066f   Thumb Code     2  gpio.o(.text)
    port_isr0                                0x00000671   Thumb Code     2  gpio.o(.text)
    port_isr1                                0x00000673   Thumb Code     2  gpio.o(.text)
    port_isr2                                0x00000675   Thumb Code     2  gpio.o(.text)
    port_isr3                                0x00000677   Thumb Code     2  gpio.o(.text)
    port_isr4                                0x00000679   Thumb Code     2  gpio.o(.text)
    i2c_init                                 0x00000689   Thumb Code    52  i2c.o(.text)
    i2c_start                                0x000006bd   Thumb Code    20  i2c.o(.text)
    i2c_stop                                 0x000006d1   Thumb Code    24  i2c.o(.text)
    i2c_wait                                 0x000006e9   Thumb Code    18  i2c.o(.text)
    i2c_tx                                   0x000006fb   Thumb Code     6  i2c.o(.text)
    i2c_rx                                   0x00000701   Thumb Code     6  i2c.o(.text)
    i2c_write                                0x00000707   Thumb Code    44  i2c.o(.text)
    i2c_read                                 0x00000733   Thumb Code    60  i2c.o(.text)
    i2s_init                                 0x0000077d   Thumb Code   278  i2s.o(.text)
    i2s_rx_irq_enable                        0x00000893   Thumb Code    14  i2s.o(.text)
    i2s_tx_irq_enable                        0x000008a1   Thumb Code    12  i2s.o(.text)
    i2s_rx_depth_irq                         0x000008ad   Thumb Code    16  i2s.o(.text)
    i2s_tx_depth_irq                         0x000008bd   Thumb Code    14  i2s.o(.text)
    i2s_rx_dma1_enable                       0x000008cb   Thumb Code    14  i2s.o(.text)
    i2s_tx_dma1_enable                       0x000008d9   Thumb Code    12  i2s.o(.text)
    i2s_rx_depth_dma1                        0x000008e5   Thumb Code    16  i2s.o(.text)
    i2s_tx_depth_dma1                        0x000008f5   Thumb Code    14  i2s.o(.text)
    i2s_rx_dma2_enable                       0x00000903   Thumb Code    14  i2s.o(.text)
    i2s_tx_dma2_enable                       0x00000911   Thumb Code    12  i2s.o(.text)
    i2s_rx_depth_dma2                        0x0000091d   Thumb Code    16  i2s.o(.text)
    i2s_tx_depth_dma2                        0x0000092d   Thumb Code    14  i2s.o(.text)
    i2s_start                                0x0000093b   Thumb Code    44  i2s.o(.text)
    i2s_stop                                 0x00000967   Thumb Code    24  i2s.o(.text)
    i2s_rx                                   0x0000097f   Thumb Code     8  i2s.o(.text)
    i2s_tx                                   0x00000987   Thumb Code     8  i2s.o(.text)
    i2s_set_callback                         0x0000098f   Thumb Code    22  i2s.o(.text)
    I2S0_Tx_IRQHandler                       0x000009a5   Thumb Code    12  i2s.o(.text)
    init_LED                                 0x000009c1   Thumb Code    60  audio.o(.text)
    prbs                                     0x000009fd   Thumb Code    60  audio.o(.text)
    Codec_WriteRegister                      0x00000a39   Thumb Code    52  audio.o(.text)
    configure_codec                          0x00000a6d   Thumb Code   958  audio.o(.text)
    audio_init                               0x00000e2b   Thumb Code   128  audio.o(.text)
    dma_state                                0x00000eb1   Thumb Code    14  dma.o(.text)
    dma_clean                                0x00000ebf   Thumb Code    10  dma.o(.text)
    dma_src_memory                           0x00000ec9   Thumb Code    10  dma.o(.text)
    dma_dest_memory                          0x00000ed3   Thumb Code    10  dma.o(.text)
    dma_transfersize                         0x00000edd   Thumb Code     2  dma.o(.text)
    dma_init                                 0x00000edf   Thumb Code   238  dma.o(.text)
    dma_setup                                0x00000fcd   Thumb Code     2  dma.o(.text)
    dma_enable                               0x00000fcf   Thumb Code    16  dma.o(.text)
    dma_disable                              0x00000fdf   Thumb Code    16  dma.o(.text)
    dma_set_callback                         0x00000fef   Thumb Code    32  dma.o(.text)
    DMA0_IRQHandler                          0x0000100f   Thumb Code    12  dma.o(.text)
    DMA1_IRQHandler                          0x0000101b   Thumb Code    12  dma.o(.text)
    SystemInit                               0x00001061   Thumb Code   218  system_mk64f12.o(.text)
    SystemCoreClockUpdate                    0x0000113b   Thumb Code   316  system_mk64f12.o(.text)
    Reset_Handler                            0x000012b1   Thumb Code     8  startup_mk64f12.o(.text)
    NMI_Handler                              0x000012b9   Thumb Code     2  startup_mk64f12.o(.text)
    HardFault_Handler                        0x000012bb   Thumb Code     2  startup_mk64f12.o(.text)
    MemManage_Handler                        0x000012bd   Thumb Code     2  startup_mk64f12.o(.text)
    BusFault_Handler                         0x000012bf   Thumb Code     2  startup_mk64f12.o(.text)
    UsageFault_Handler                       0x000012c1   Thumb Code     2  startup_mk64f12.o(.text)
    SVC_Handler                              0x000012c3   Thumb Code     2  startup_mk64f12.o(.text)
    DebugMon_Handler                         0x000012c5   Thumb Code     2  startup_mk64f12.o(.text)
    PendSV_Handler                           0x000012c7   Thumb Code     2  startup_mk64f12.o(.text)
    SysTick_Handler                          0x000012c9   Thumb Code     2  startup_mk64f12.o(.text)
    ADC0_IRQHandler                          0x000012cb   Thumb Code     0  startup_mk64f12.o(.text)
    ADC1_IRQHandler                          0x000012cb   Thumb Code     0  startup_mk64f12.o(.text)
    CAN0_Bus_Off_IRQHandler                  0x000012cb   Thumb Code     0  startup_mk64f12.o(.text)
    CAN0_Error_IRQHandler                    0x000012cb   Thumb Code     0  startup_mk64f12.o(.text)
    CAN0_ORed_Message_buffer_IRQHandler      0x000012cb   Thumb Code     0  startup_mk64f12.o(.text)
    CAN0_Rx_Warning_IRQHandler               0x000012cb   Thumb Code     0  startup_mk64f12.o(.text)
    CAN0_Tx_Warning_IRQHandler               0x000012cb   Thumb Code     0  startup_mk64f12.o(.text)
    CAN0_Wake_Up_IRQHandler                  0x000012cb   Thumb Code     0  startup_mk64f12.o(.text)
    CMP0_IRQHandler                          0x000012cb   Thumb Code     0  startup_mk64f12.o(.text)
    CMP1_IRQHandler                          0x000012cb   Thumb Code     0  startup_mk64f12.o(.text)
    CMP2_IRQHandler                          0x000012cb   Thumb Code     0  startup_mk64f12.o(.text)
    CMT_IRQHandler                           0x000012cb   Thumb Code     0  startup_mk64f12.o(.text)
    DAC0_IRQHandler                          0x000012cb   Thumb Code     0  startup_mk64f12.o(.text)
    DAC1_IRQHandler                          0x000012cb   Thumb Code     0  startup_mk64f12.o(.text)
    DMA10_IRQHandler                         0x000012cb   Thumb Code     0  startup_mk64f12.o(.text)
    DMA11_IRQHandler                         0x000012cb   Thumb Code     0  startup_mk64f12.o(.text)
    DMA12_IRQHandler                         0x000012cb   Thumb Code     0  startup_mk64f12.o(.text)
    DMA13_IRQHandler                         0x000012cb   Thumb Code     0  startup_mk64f12.o(.text)
    DMA14_IRQHandler                         0x000012cb   Thumb Code     0  startup_mk64f12.o(.text)
    DMA15_IRQHandler                         0x000012cb   Thumb Code     0  startup_mk64f12.o(.text)
    DMA2_IRQHandler                          0x000012cb   Thumb Code     0  startup_mk64f12.o(.text)
    DMA3_IRQHandler                          0x000012cb   Thumb Code     0  startup_mk64f12.o(.text)
    DMA4_IRQHandler                          0x000012cb   Thumb Code     0  startup_mk64f12.o(.text)
    DMA5_IRQHandler                          0x000012cb   Thumb Code     0  startup_mk64f12.o(.text)
    DMA6_IRQHandler                          0x000012cb   Thumb Code     0  startup_mk64f12.o(.text)
    DMA7_IRQHandler                          0x000012cb   Thumb Code     0  startup_mk64f12.o(.text)
    DMA8_IRQHandler                          0x000012cb   Thumb Code     0  startup_mk64f12.o(.text)
    DMA9_IRQHandler                          0x000012cb   Thumb Code     0  startup_mk64f12.o(.text)
    DMA_Error_IRQHandler                     0x000012cb   Thumb Code     0  startup_mk64f12.o(.text)
    DefaultISR                               0x000012cb   Thumb Code     0  startup_mk64f12.o(.text)
    ENET_1588_Timer_IRQHandler               0x000012cb   Thumb Code     0  startup_mk64f12.o(.text)
    ENET_Error_IRQHandler                    0x000012cb   Thumb Code     0  startup_mk64f12.o(.text)
    ENET_Receive_IRQHandler                  0x000012cb   Thumb Code     0  startup_mk64f12.o(.text)
    ENET_Transmit_IRQHandler                 0x000012cb   Thumb Code     0  startup_mk64f12.o(.text)
    FTFE_IRQHandler                          0x000012cb   Thumb Code     0  startup_mk64f12.o(.text)
    FTM0_IRQHandler                          0x000012cb   Thumb Code     0  startup_mk64f12.o(.text)
    FTM1_IRQHandler                          0x000012cb   Thumb Code     0  startup_mk64f12.o(.text)
    FTM2_IRQHandler                          0x000012cb   Thumb Code     0  startup_mk64f12.o(.text)
    FTM3_IRQHandler                          0x000012cb   Thumb Code     0  startup_mk64f12.o(.text)
    I2C0_IRQHandler                          0x000012cb   Thumb Code     0  startup_mk64f12.o(.text)
    I2C1_IRQHandler                          0x000012cb   Thumb Code     0  startup_mk64f12.o(.text)
    I2C2_IRQHandler                          0x000012cb   Thumb Code     0  startup_mk64f12.o(.text)
    I2S0_Rx_IRQHandler                       0x000012cb   Thumb Code     0  startup_mk64f12.o(.text)
    LLW_IRQHandler                           0x000012cb   Thumb Code     0  startup_mk64f12.o(.text)
    LPTimer_IRQHandler                       0x000012cb   Thumb Code     0  startup_mk64f12.o(.text)
    LVD_LVW_IRQHandler                       0x000012cb   Thumb Code     0  startup_mk64f12.o(.text)
    MCG_IRQHandler                           0x000012cb   Thumb Code     0  startup_mk64f12.o(.text)
    MCM_IRQHandler                           0x000012cb   Thumb Code     0  startup_mk64f12.o(.text)
    PDB0_IRQHandler                          0x000012cb   Thumb Code     0  startup_mk64f12.o(.text)
    PIT0_IRQHandler                          0x000012cb   Thumb Code     0  startup_mk64f12.o(.text)
    PIT1_IRQHandler                          0x000012cb   Thumb Code     0  startup_mk64f12.o(.text)
    PIT2_IRQHandler                          0x000012cb   Thumb Code     0  startup_mk64f12.o(.text)
    PIT3_IRQHandler                          0x000012cb   Thumb Code     0  startup_mk64f12.o(.text)
    PORTA_IRQHandler                         0x000012cb   Thumb Code     0  startup_mk64f12.o(.text)
    PORTB_IRQHandler                         0x000012cb   Thumb Code     0  startup_mk64f12.o(.text)
    PORTC_IRQHandler                         0x000012cb   Thumb Code     0  startup_mk64f12.o(.text)
    PORTD_IRQHandler                         0x000012cb   Thumb Code     0  startup_mk64f12.o(.text)
    PORTE_IRQHandler                         0x000012cb   Thumb Code     0  startup_mk64f12.o(.text)
    RNG_IRQHandler                           0x000012cb   Thumb Code     0  startup_mk64f12.o(.text)
    RTC_IRQHandler                           0x000012cb   Thumb Code     0  startup_mk64f12.o(.text)
    RTC_Seconds_IRQHandler                   0x000012cb   Thumb Code     0  startup_mk64f12.o(.text)
    Read_Collision_IRQHandler                0x000012cb   Thumb Code     0  startup_mk64f12.o(.text)
    Reserved71_IRQHandler                    0x000012cb   Thumb Code     0  startup_mk64f12.o(.text)
    SDHC_IRQHandler                          0x000012cb   Thumb Code     0  startup_mk64f12.o(.text)
    SPI0_IRQHandler                          0x000012cb   Thumb Code     0  startup_mk64f12.o(.text)
    SPI1_IRQHandler                          0x000012cb   Thumb Code     0  startup_mk64f12.o(.text)
    SPI2_IRQHandler                          0x000012cb   Thumb Code     0  startup_mk64f12.o(.text)
    SWI_IRQHandler                           0x000012cb   Thumb Code     0  startup_mk64f12.o(.text)
    UART0_ERR_IRQHandler                     0x000012cb   Thumb Code     0  startup_mk64f12.o(.text)
    UART0_LON_IRQHandler                     0x000012cb   Thumb Code     0  startup_mk64f12.o(.text)
    UART0_RX_TX_IRQHandler                   0x000012cb   Thumb Code     0  startup_mk64f12.o(.text)
    UART1_ERR_IRQHandler                     0x000012cb   Thumb Code     0  startup_mk64f12.o(.text)
    UART1_RX_TX_IRQHandler                   0x000012cb   Thumb Code     0  startup_mk64f12.o(.text)
    UART2_ERR_IRQHandler                     0x000012cb   Thumb Code     0  startup_mk64f12.o(.text)
    UART2_RX_TX_IRQHandler                   0x000012cb   Thumb Code     0  startup_mk64f12.o(.text)
    UART3_ERR_IRQHandler                     0x000012cb   Thumb Code     0  startup_mk64f12.o(.text)
    UART3_RX_TX_IRQHandler                   0x000012cb   Thumb Code     0  startup_mk64f12.o(.text)
    UART4_ERR_IRQHandler                     0x000012cb   Thumb Code     0  startup_mk64f12.o(.text)
    UART4_RX_TX_IRQHandler                   0x000012cb   Thumb Code     0  startup_mk64f12.o(.text)
    UART5_ERR_IRQHandler                     0x000012cb   Thumb Code     0  startup_mk64f12.o(.text)
    UART5_RX_TX_IRQHandler                   0x000012cb   Thumb Code     0  startup_mk64f12.o(.text)
    USB0_IRQHandler                          0x000012cb   Thumb Code     0  startup_mk64f12.o(.text)
    USBDCD_IRQHandler                        0x000012cb   Thumb Code     0  startup_mk64f12.o(.text)
    Watchdog_IRQHandler                      0x000012cb   Thumb Code     0  startup_mk64f12.o(.text)
    __user_initial_stackheap                 0x000012cd   Thumb Code     0  startup_mk64f12.o(.text)
    __use_two_region_memory                  0x000012ed   Thumb Code     2  heapauxi.o(.text)
    __rt_heap_escrow$2region                 0x000012ef   Thumb Code     2  heapauxi.o(.text)
    __rt_heap_expand$2region                 0x000012f1   Thumb Code     2  heapauxi.o(.text)
    __user_setup_stackheap                   0x000012f3   Thumb Code    74  sys_stackheap_outer.o(.text)
    exit                                     0x0000133d   Thumb Code    18  exit.o(.text)
    __user_libspace                          0x00001351   Thumb Code     8  libspace.o(.text)
    __user_perproc_libspace                  0x00001351   Thumb Code     0  libspace.o(.text)
    __user_perthread_libspace                0x00001351   Thumb Code     0  libspace.o(.text)
    _sys_exit                                0x00001359   Thumb Code     8  sys_exit.o(.text)
    __I$use$semihosting                      0x00001365   Thumb Code     0  use_no_semi.o(.text)
    __use_no_semihosting_swi                 0x00001365   Thumb Code     2  use_no_semi.o(.text)
    __semihosting_library_function           0x00001367   Thumb Code     0  indicate_semi.o(.text)
    _fp_init                                 0x00001367   Thumb Code    10  fpinit.o(x$fpl$fpinit)
    __fplib_config_fpu_vfp                   0x0000136f   Thumb Code     0  fpinit.o(x$fpl$fpinit)
    __fplib_config_pureend_doubles           0x0000136f   Thumb Code     0  fpinit.o(x$fpl$fpinit)
    Region$$Table$$Base                      0x00001370   Number         0  anon$$obj.o(Region$$Table)
    Region$$Table$$Limit                     0x00001390   Number         0  anon$$obj.o(Region$$Table)
    audio_chR                                0x20000000   Data           2  delay_intr.o(.data)
    audio_chL                                0x20000002   Data           2  delay_intr.o(.data)
    i                                        0x20000004   Data           2  delay_intr.o(.data)
    sreg                                     0x20000014   Data           2  audio.o(.data)
    fb                                       0x20000018   Data           4  audio.o(.data)
    SystemCoreClock                          0x20000020   Data           4  system_mk64f12.o(.data)
    buffer                                   0x20000024   Data       32000  delay_intr.o(.bss)
    __libspace_start                         0x20008124   Data          96  libspace.o(.bss)
    __temporary_stack_top$libspace           0x20008184   Data           0  libspace.o(.bss)



==============================================================================

Memory Map of the image

  Image Entry point : 0x00000411

  Load Region LR_IROM1 (Base: 0x00000000, Size: 0x000013b4, Max: 0x00100000, ABSOLUTE)

    Execution Region ER_IROM1 (Exec base: 0x00000000, Load base: 0x00000000, Size: 0x00001390, Max: 0x00100000, ABSOLUTE)

    Exec Addr    Load Addr    Size         Type   Attr      Idx    E Section Name        Object

    0x00000000   0x00000000   0x00000400   Data   RO          304    RESET               startup_mk64f12.o
    0x00000400   0x00000400   0x00000010   Code   RO          305    .ARM.__at_0x400     startup_mk64f12.o
    0x00000410   0x00000410   0x00000008   Code   RO          316  * !!!main             c_w.l(__main.o)
    0x00000418   0x00000418   0x00000034   Code   RO          473    !!!scatter          c_w.l(__scatter.o)
    0x0000044c   0x0000044c   0x0000001a   Code   RO          475    !!handler_copy      c_w.l(__scatter_copy.o)
    0x00000466   0x00000466   0x00000002   PAD
    0x00000468   0x00000468   0x0000001c   Code   RO          477    !!handler_zi        c_w.l(__scatter_zi.o)
    0x00000484   0x00000484   0x00000002   Code   RO          343    .ARM.Collect$$libinit$$00000000  c_w.l(libinit.o)
    0x00000486   0x00000486   0x00000004   Code   RO          349    .ARM.Collect$$libinit$$00000001  c_w.l(libinit2.o)
    0x0000048a   0x0000048a   0x00000000   Code   RO          352    .ARM.Collect$$libinit$$00000004  c_w.l(libinit2.o)
    0x0000048a   0x0000048a   0x00000000   Code   RO          355    .ARM.Collect$$libinit$$0000000A  c_w.l(libinit2.o)
    0x0000048a   0x0000048a   0x00000000   Code   RO          357    .ARM.Collect$$libinit$$0000000C  c_w.l(libinit2.o)
    0x0000048a   0x0000048a   0x00000000   Code   RO          359    .ARM.Collect$$libinit$$0000000E  c_w.l(libinit2.o)
    0x0000048a   0x0000048a   0x00000000   Code   RO          362    .ARM.Collect$$libinit$$00000011  c_w.l(libinit2.o)
    0x0000048a   0x0000048a   0x00000000   Code   RO          364    .ARM.Collect$$libinit$$00000013  c_w.l(libinit2.o)
    0x0000048a   0x0000048a   0x00000000   Code   RO          366    .ARM.Collect$$libinit$$00000015  c_w.l(libinit2.o)
    0x0000048a   0x0000048a   0x00000000   Code   RO          368    .ARM.Collect$$libinit$$00000017  c_w.l(libinit2.o)
    0x0000048a   0x0000048a   0x00000000   Code   RO          370    .ARM.Collect$$libinit$$00000019  c_w.l(libinit2.o)
    0x0000048a   0x0000048a   0x00000000   Code   RO          372    .ARM.Collect$$libinit$$0000001B  c_w.l(libinit2.o)
    0x0000048a   0x0000048a   0x00000000   Code   RO          374    .ARM.Collect$$libinit$$0000001D  c_w.l(libinit2.o)
    0x0000048a   0x0000048a   0x00000000   Code   RO          376    .ARM.Collect$$libinit$$0000001F  c_w.l(libinit2.o)
    0x0000048a   0x0000048a   0x00000000   Code   RO          378    .ARM.Collect$$libinit$$00000021  c_w.l(libinit2.o)
    0x0000048a   0x0000048a   0x00000000   Code   RO          380    .ARM.Collect$$libinit$$00000023  c_w.l(libinit2.o)
    0x0000048a   0x0000048a   0x00000000   Code   RO          382    .ARM.Collect$$libinit$$00000025  c_w.l(libinit2.o)
    0x0000048a   0x0000048a   0x00000000   Code   RO          386    .ARM.Collect$$libinit$$0000002C  c_w.l(libinit2.o)
    0x0000048a   0x0000048a   0x00000000   Code   RO          388    .ARM.Collect$$libinit$$0000002E  c_w.l(libinit2.o)
    0x0000048a   0x0000048a   0x00000000   Code   RO          390    .ARM.Collect$$libinit$$00000030  c_w.l(libinit2.o)
    0x0000048a   0x0000048a   0x00000000   Code   RO          392    .ARM.Collect$$libinit$$00000032  c_w.l(libinit2.o)
    0x0000048a   0x0000048a   0x00000002   Code   RO          393    .ARM.Collect$$libinit$$00000033  c_w.l(libinit2.o)
    0x0000048c   0x0000048c   0x00000002   Code   RO          413    .ARM.Collect$$libshutdown$$00000000  c_w.l(libshutdown.o)
    0x0000048e   0x0000048e   0x00000000   Code   RO          426    .ARM.Collect$$libshutdown$$00000002  c_w.l(libshutdown2.o)
    0x0000048e   0x0000048e   0x00000000   Code   RO          428    .ARM.Collect$$libshutdown$$00000004  c_w.l(libshutdown2.o)
    0x0000048e   0x0000048e   0x00000000   Code   RO          431    .ARM.Collect$$libshutdown$$00000007  c_w.l(libshutdown2.o)
    0x0000048e   0x0000048e   0x00000000   Code   RO          434    .ARM.Collect$$libshutdown$$0000000A  c_w.l(libshutdown2.o)
    0x0000048e   0x0000048e   0x00000000   Code   RO          436    .ARM.Collect$$libshutdown$$0000000C  c_w.l(libshutdown2.o)
    0x0000048e   0x0000048e   0x00000000   Code   RO          439    .ARM.Collect$$libshutdown$$0000000F  c_w.l(libshutdown2.o)
    0x0000048e   0x0000048e   0x00000002   Code   RO          440    .ARM.Collect$$libshutdown$$00000010  c_w.l(libshutdown2.o)
    0x00000490   0x00000490   0x00000000   Code   RO          318    .ARM.Collect$$rtentry$$00000000  c_w.l(__rtentry.o)
    0x00000490   0x00000490   0x00000000   Code   RO          320    .ARM.Collect$$rtentry$$00000002  c_w.l(__rtentry2.o)
    0x00000490   0x00000490   0x00000006   Code   RO          332    .ARM.Collect$$rtentry$$00000004  c_w.l(__rtentry4.o)
    0x00000496   0x00000496   0x00000000   Code   RO          322    .ARM.Collect$$rtentry$$00000009  c_w.l(__rtentry2.o)
    0x00000496   0x00000496   0x00000004   Code   RO          323    .ARM.Collect$$rtentry$$0000000A  c_w.l(__rtentry2.o)
    0x0000049a   0x0000049a   0x00000000   Code   RO          325    .ARM.Collect$$rtentry$$0000000C  c_w.l(__rtentry2.o)
    0x0000049a   0x0000049a   0x00000008   Code   RO          326    .ARM.Collect$$rtentry$$0000000D  c_w.l(__rtentry2.o)
    0x000004a2   0x000004a2   0x00000002   Code   RO          347    .ARM.Collect$$rtexit$$00000000  c_w.l(rtexit.o)
    0x000004a4   0x000004a4   0x00000000   Code   RO          395    .ARM.Collect$$rtexit$$00000002  c_w.l(rtexit2.o)
    0x000004a4   0x000004a4   0x00000004   Code   RO          396    .ARM.Collect$$rtexit$$00000003  c_w.l(rtexit2.o)
    0x000004a8   0x000004a8   0x00000006   Code   RO          397    .ARM.Collect$$rtexit$$00000004  c_w.l(rtexit2.o)
    0x000004ae   0x000004ae   0x00000002   PAD
    0x000004b0   0x000004b0   0x0000000c   Code   RO           89    .emb_text           delay.o
    0x000004bc   0x000004bc   0x00000064   Code   RO            4    .text               delay_intr.o
    0x00000520   0x00000520   0x00000054   Code   RO           90    .text               delay.o
    0x00000574   0x00000574   0x00000114   Code   RO          120    .text               gpio.o
    0x00000688   0x00000688   0x000000f4   Code   RO          151    .text               i2c.o
    0x0000077c   0x0000077c   0x00000244   Code   RO          179    .text               i2s.o
    0x000009c0   0x000009c0   0x000004f0   Code   RO          212    .text               audio.o
    0x00000eb0   0x00000eb0   0x000001b0   Code   RO          245    .text               dma.o
    0x00001060   0x00001060   0x00000250   Code   RO          275    .text               system_mk64f12.o
    0x000012b0   0x000012b0   0x0000003c   Code   RO          306    .text               startup_mk64f12.o
    0x000012ec   0x000012ec   0x00000006   Code   RO          314    .text               c_w.l(heapauxi.o)
    0x000012f2   0x000012f2   0x0000004a   Code   RO          334    .text               c_w.l(sys_stackheap_outer.o)
    0x0000133c   0x0000133c   0x00000012   Code   RO          336    .text               c_w.l(exit.o)
    0x0000134e   0x0000134e   0x00000002   PAD
    0x00001350   0x00001350   0x00000008   Code   RO          344    .text               c_w.l(libspace.o)
    0x00001358   0x00001358   0x0000000c   Code   RO          405    .text               c_w.l(sys_exit.o)
    0x00001364   0x00001364   0x00000002   Code   RO          416    .text               c_w.l(use_no_semi.o)
    0x00001366   0x00001366   0x00000000   Code   RO          418    .text               c_w.l(indicate_semi.o)
    0x00001366   0x00001366   0x0000000a   Code   RO          403    x$fpl$fpinit        fz_wm.l(fpinit.o)
    0x00001370   0x00001370   0x00000020   Data   RO          471    Region$$Table       anon$$obj.o


    Execution Region RW_IRAM1 (Exec base: 0x20000000, Load base: 0x00001390, Size: 0x00008588, Max: 0x00030000, ABSOLUTE)

    Exec Addr    Load Addr    Size         Type   Attr      Idx    E Section Name        Object

    0x20000000   0x00001390   0x00000010   Data   RW            6    .data               delay_intr.o
    0x20000010   0x000013a0   0x00000004   Data   RW          180    .data               i2s.o
    0x20000014   0x000013a4   0x00000008   Data   RW          213    .data               audio.o
    0x2000001c   0x000013ac   0x00000004   Data   RW          247    .data               dma.o
    0x20000020   0x000013b0   0x00000004   Data   RW          276    .data               system_mk64f12.o
    0x20000024        -       0x00007d00   Zero   RW            5    .bss                delay_intr.o
    0x20007d24        -       0x00000400   Zero   RW          246    .bss                dma.o
    0x20008124        -       0x00000060   Zero   RW          345    .bss                c_w.l(libspace.o)
    0x20008184   0x000013b4   0x00000004   PAD
    0x20008188        -       0x00000000   Zero   RW          303    HEAP                startup_mk64f12.o
    0x20008188        -       0x00000400   Zero   RW          302    STACK               startup_mk64f12.o


==============================================================================

Image component sizes


      Code (inc. data)   RO Data    RW Data    ZI Data      Debug   Object Name

      1264         22          0          8          0       3309   audio.o
        96         12          0          0          0       1196   delay.o
       100          8          0         16      32000     373446   delay_intr.o
       432         36          0          4       1024       4237   dma.o
       276         20          0          0          0       6080   gpio.o
       244         14          0          0          0       2390   i2c.o
       580         16          0          4          0      28241   i2s.o
        76         38       1024          0       1024       1060   startup_mk64f12.o
       592         66          0          4          0       1317   system_mk64f12.o

    ----------------------------------------------------------------------
      3660        232       1056         36      34048     421276   Object Totals
         0          0         32          0          0          0   (incl. Generated)
         0          0          0          0          0          0   (incl. Padding)

    ----------------------------------------------------------------------

      Code (inc. data)   RO Data    RW Data    ZI Data      Debug   Library Member Name

         8          0          0          0          0         68   __main.o
         0          0          0          0          0          0   __rtentry.o
        12          0          0          0          0          0   __rtentry2.o
         6          0          0          0          0          0   __rtentry4.o
        52          8          0          0          0          0   __scatter.o
        26          0          0          0          0          0   __scatter_copy.o
        28          0          0          0          0          0   __scatter_zi.o
        18          0          0          0          0         80   exit.o
         6          0          0          0          0        152   heapauxi.o
         0          0          0          0          0          0   indicate_semi.o
         2          0          0          0          0          0   libinit.o
         6          0          0          0          0          0   libinit2.o
         2          0          0          0          0          0   libshutdown.o
         2          0          0          0          0          0   libshutdown2.o
         8          4          0          0         96         68   libspace.o
         2          0          0          0          0          0   rtexit.o
        10          0          0          0          0          0   rtexit2.o
        12          4          0          0          0         68   sys_exit.o
        74          0          0          0          0         80   sys_stackheap_outer.o
         2          0          0          0          0         68   use_no_semi.o
        10          0          0          0          0        116   fpinit.o

    ----------------------------------------------------------------------
       292         16          0          0        100        700   Library Totals
         6          0          0          0          4          0   (incl. Padding)

    ----------------------------------------------------------------------

      Code (inc. data)   RO Data    RW Data    ZI Data      Debug   Library Name

       276         16          0          0         96        584   c_w.l
        10          0          0          0          0        116   fz_wm.l

    ----------------------------------------------------------------------
       292         16          0          0        100        700   Library Totals

    ----------------------------------------------------------------------

==============================================================================


      Code (inc. data)   RO Data    RW Data    ZI Data      Debug   

      3952        248       1056         36      34148     420220   Grand Totals
      3952        248       1056         36      34148     420220   ELF Image Totals
      3952        248       1056         36          0          0   ROM Totals

==============================================================================

    Total RO  Size (Code + RO Data)                 5008 (   4.89kB)
    Total RW  Size (RW Data + ZI Data)             34184 (  33.38kB)
    Total ROM Size (Code + RO Data + RW Data)       5044 (   4.93kB)

==============================================================================

